../Core/Src/LCD16x2.h:6:6:LCD_Init	8	static
../Core/Src/LCD16x2.h:9:6:LCD_Clear	8	static
../Core/Src/LCD16x2.h:12:6:LCD_SL	8	static
../Core/Src/LCD16x2.h:15:6:LCD_SR	8	static
../Core/Src/LCD16x2.h:18:6:LCD_CMD	16	static
../Core/Src/LCD16x2.h:21:6:LCD_DATA	16	static
../Core/Src/LCD16x2.h:24:6:LCD_Set_Cursor	16	static
../Core/Src/LCD16x2.h:27:6:LCD_Write_Char	16	static
../Core/Src/LCD16x2.h:30:6:LCD_Write_String	16	static
../Core/Src/main.c:75:6:beep	24	static
../Core/Src/main.c:84:6:lcd_print	16	static
../Core/Src/main.c:92:5:read_rfid	8	static
../Core/Src/main.c:96:15:get_user_floor	24	static
../Core/Src/main.c:106:6:check_smoke	8	static
../Core/Src/main.c:115:6:change_floor	32	static
../Core/Src/main.c:127:6:set_floor	24	static
../Core/Src/main.c:138:6:park_lift	8	static
../Core/Src/main.c:152:5:main	16	static
../Core/Src/main.c:215:6:SystemClock_Config	128	static
../Core/Src/main.c:264:13:MX_USART2_UART_Init	8	static
../Core/Src/main.c:299:13:MX_GPIO_Init	48	static
../Core/Src/main.c:334:6:Error_Handler	8	static,ignoring_inline_asm
